// Jest Snapshot v1, https://goo.gl/fbAQLP

exports[`Add To Cart Modal should render without issues 1`] = `
<addToCartModal
  ingredients={Array []}
  isOpen={false}
  item={Object {}}
  rules={Array []}
/>
`;
